2024-08-13 12:49:04,783 - INFO - Aplikace spuštìna
